I'm sorry, but errors were detected in your script. Please correct the
errors listed below, and try again.


File "game/scripts/minigames.rpy", line 63: choice menuitem expects a non-empty block.
    "The monster":
                  ^

Ren'Py Version: Ren'Py 8.1.3.23091805
Fri Apr  5 14:00:18 2024
